<html>
<body>
<pre>
<h1>礦ision Build Log</h1>
<h2>Tool Versions:</h2>
IDE-Version: μVision V5.21.1.0
Copyright (C) 2016 ARM Ltd and ARM Germany GmbH. All rights reserved.
License Information: 1 joker, 2, LIC=KIVNN-YFD6W-QI05M-XRKCT-QT659-FR3GU
 
Tool Versions:
Toolchain:       MDK-ARM Professional  Version: 5.21a
Toolchain Path:  H:\KEIL\ARM\ARMCC\Bin
C Compiler:      Armcc.exe V5.06 update 3 (build 300)
Assembler:       Armasm.exe V5.06 update 3 (build 300)
Linker/Locator:  ArmLink.exe V5.06 update 3 (build 300)
Library Manager: ArmAr.exe V5.06 update 3 (build 300)
Hex Converter:   FromElf.exe V5.06 update 3 (build 300)
CPU DLL:         SARMCM3.DLL V5.21a
Dialog DLL:      DCM.DLL V1.13.8.0
Target DLL:      STLink\ST-LINKIII-KEIL_SWO.dll V2.0.18.0
Dialog DLL:      TCM.DLL V1.14.14.0
 
<h2>Project:</h2>
C:\Users\joker\Desktop\1234\1234\3.2 245 输入 按键反馈\USER\KEY.uvprojx
Project File Date:  11/26/2018

<h2>Output:</h2>
*** Using Compiler 'V5.06 update 3 (build 300)', folder: 'H:\KEIL\ARM\ARMCC\Bin'
Build target 'KEY'
compiling stm32f10x_it.c...
compiling main.c...
main.c(21): warning:  #177-D: variable "value1" was declared but never referenced
  	u8 value1,value2,value3;
main.c(21): warning:  #177-D: variable "value2" was declared but never referenced
  	u8 value1,value2,value3;
main.c(21): warning:  #177-D: variable "value3" was declared but never referenced
  	u8 value1,value2,value3;
main.c: 3 warnings, 0 errors
compiling system_stm32f10x.c...
compiling led.c...
compiling io.c...
compiling control.c...
compiling delay.c...
compiling usart.c...
assembling startup_stm32f10x_hd.s...
compiling core_cm3.c...
compiling misc.c...
compiling stm32f10x_gpio.c...
compiling stm32f10x_rcc.c...
compiling stm32f10x_usart.c...
compiling sys.c...
linking...
Program Size: Code=8240 RO-data=336 RW-data=56 ZI-data=1856  
FromELF: creating hex file...
"..\OBJ\KEY.axf" - 0 Error(s), 3 Warning(s).

<h2>Collection of Component include folders:</h2>
  C:\Users\joker\Desktop\1234\1234\3.2 245 输入 按键反馈\USER\RTE
  H:\KEIL\ARM\PACK\Keil\STM32F1xx_DFP\2.0.0\Device\Include

<h2>Collection of Component Files used:</h2>
Build Time Elapsed:  00:00:14
</pre>
</body>
</html>
